// Jest Snapshot v1, https://goo.gl/fbAQLP

exports[`should render withSort correctly 1`] = `
<div>
  <span
    className="places__sorting-type"
    onClick={[Function]}
    tabIndex="0"
  >
    Popular
    <svg
      height="4"
      style={
        Object {
          "marginBottom": "1px",
          "marginLeft": "5px",
        }
      }
      width="7"
    />
  </span>
  <ul
    className="places__options places__options--custom"
  >
    <li
      className="places__option places__option--active"
      onClick={[Function]}
      tabIndex="0"
    >
      Popular
    </li>
    <li
      className="places__option"
      onClick={[Function]}
      tabIndex="0"
    >
      Price: low to high
    </li>
    <li
      className="places__option"
      onClick={[Function]}
      tabIndex="0"
    >
      Price: high to low
    </li>
    <li
      className="places__option"
      onClick={[Function]}
      tabIndex="0"
    >
      Top rated first
    </li>
  </ul>
</div>
`;
