// Jest Snapshot v1, https://goo.gl/fbAQLP

exports[`Render ReviewBox correctly with nearby Offers 1`] = `
<div
  className="container"
>
  <section
    className="near-places places"
  >
    <h2
      className="near-places__title"
    >
      Other places in the neighbourhood
    </h2>
    <div
      className="places__list near-places__list"
    >
      <article
        className="place-card near-places__card"
        onMouseOver={[Function]}
      >
        <div
          className="place-card__mark"
        >
          <span>
            Premium
          </span>
        </div>
        <div
          className="place-card__image-wrapper near-places__image-wrapper"
        >
          <a
            href="#"
          >
            <img
              alt="Penthouse, 4-5 rooms + 5 balconies"
              className="place-card__image"
              height="200"
              src="https://htmlacademy-react-3.appspot.com/six-cities/static/hotel/5.jpg"
              width="260"
            />
          </a>
        </div>
        <div
          className="place-card__info"
        >
          <div
            className="place-card__price-wrapper"
          >
            <div
              className="place-card__price"
            >
              <b
                className="place-card__price-value"
              >
                €
                397
              </b>
              <span
                className="place-card__price-text"
              >
                / night
              </span>
            </div>
            <button
              className="button place-card__bookmark-button"
              onClick={[Function]}
              type="button"
            >
              <svg
                height="18"
                style={
                  Object {
                    "fill": "#000000",
                  }
                }
                width="17"
              />
              <span
                className="visually-hidden"
              >
                To bookmarks
              </span>
            </button>
          </div>
          <div
            className="place-card__rating rating"
          >
            <div
              className="place-card__stars rating__stars"
            >
              <span
                style={
                  Object {
                    "width": "80%",
                  }
                }
              />
              <span
                className="visually-hidden"
              >
                Rating
              </span>
            </div>
          </div>
          <h2
            className="place-card__name"
          >
            <a
              href="/offer/1"
              onClick={[Function]}
            >
              Penthouse, 4-5 rooms + 5 balconies
            </a>
          </h2>
          <p
            className="place-card__type"
          >
            Hotel
          </p>
        </div>
      </article>
    </div>
  </section>
</div>
`;

exports[`Render ReviewBox correctly without nearby Offers 1`] = `
<div
  className="container"
>
  <section
    className="near-places places"
  >
    <h2
      className="near-places__title"
    >
      Other places in the neighbourhood
    </h2>
    <div
      className="places__list near-places__list"
    />
  </section>
</div>
`;
