// Jest Snapshot v1, https://goo.gl/fbAQLP

exports[`Property render correctly without Premium 1`] = `
<main
  className="page__main page__main--property"
>
  <section
    className="property"
  >
    <div
      className="property__gallery-container container"
    >
      <div
        className="property__gallery"
      >
        <div
          className="property__image-wrapper"
        >
          <img
            alt="Penthouse, 4-5 rooms + 5 balconies"
            className="property__image"
            src="https://htmlacademy-react-3.appspot.com/six-cities/static/hotel/3.jpg"
          />
        </div>
      </div>
    </div>
    <div
      className="property__container container"
    >
      <div
        className="property__wrapper"
      >
        <div
          className="property__mark"
        >
          <span>
            Premium
          </span>
        </div>
        <div
          className="property__name-wrapper"
        >
          <h1
            className="property__name"
          >
            Penthouse, 4-5 rooms + 5 balconies
          </h1>
          <button
            className="property__bookmark-button button"
            type="button"
          >
            <svg
              height="33"
              width="31"
            />
            <span
              className="visually-hidden"
            >
              To bookmarks
            </span>
          </button>
        </div>
        <div
          className="property__rating rating"
        >
          <div
            className="property__stars rating__stars"
          >
            <span
              style={
                Object {
                  "width": "72%",
                }
              }
            />
            <span
              className="visually-hidden"
            >
              Rating
            </span>
          </div>
          <span
            className="property__rating-value rating__value"
          >
            3.6
          </span>
        </div>
        <ul
          className="property__features"
        >
          <li
            className="property__feature property__feature--entire"
          >
            Hotel
          </li>
          <li
            className="property__feature property__feature--bedrooms"
          >
            2
             
            Bedroom
          </li>
          <li
            className="property__feature property__feature--adults"
          >
            8
          </li>
        </ul>
        <div
          className="property__price"
        >
          <b
            className="property__price-value"
          >
            €
            397
          </b>
          <span
            className="property__price-text"
          >
             night
          </span>
        </div>
        <div
          className="property__inside"
        >
          <h2
            className="property__inside-title"
          >
            What's inside
          </h2>
          <ul
            className="property__inside-list"
          >
            <li
              className="property__inside-item"
            >
              Air conditioning
            </li>
            <li
              className="property__inside-item"
            >
              Laptop friendly workspace
            </li>
            <li
              className="property__inside-item"
            >
              Baby seat
            </li>
            <li
              className="property__inside-item"
            >
              Fridge
            </li>
            <li
              className="property__inside-item"
            >
              Breakfast
            </li>
            <li
              className="property__inside-item"
            >
              Washer
            </li>
            <li
              className="property__inside-item"
            >
              Washing machine
            </li>
            <li
              className="property__inside-item"
            >
              Dishwasher
            </li>
            <li
              className="property__inside-item"
            >
              Coffee machine
            </li>
            <li
              className="property__inside-item"
            >
              Towels
            </li>
          </ul>
        </div>
        <div
          className="property__host"
        >
          <h2
            className="property__host-title"
          >
            Meet the host
          </h2>
          <div
            className="property__host-user user"
          >
            <div
              className="property__avatar-wrapper user__avatar-wrapper property__avatar-wrapper--pro"
            >
              <img
                alt="Host avatar"
                className="property__avatar user__avatar"
                height="74"
                src="img/avatar-angelina.jpg"
                width="74"
              />
            </div>
            <span
              className="property__user-name"
            >
              Angelina
            </span>
          </div>
          <div
            className="property__description"
          >
            <p
              className="property__text"
            >
              Discover daily local life in city center, friendly neighborhood, clandestine casino, karaoke, old-style artisans, art gallery and artist studio downstairs.
            </p>
          </div>
        </div>
      </div>
    </div>
    <section
      className="map property__map"
    >
      <div
        id="map"
        style={
          Object {
            "height": "100%",
          }
        }
      />
    </section>
  </section>
</main>
`;

exports[`Render Property correctly 1`] = `
<main
  className="page__main page__main--property"
>
  <section
    className="property"
  >
    <div
      className="property__gallery-container container"
    >
      <div
        className="property__gallery"
      >
        <div
          className="property__image-wrapper"
        >
          <img
            alt="Penthouse, 4-5 rooms + 5 balconies"
            className="property__image"
            src="https://htmlacademy-react-3.appspot.com/six-cities/static/hotel/3.jpg"
          />
        </div>
      </div>
    </div>
    <div
      className="property__container container"
    >
      <div
        className="property__wrapper"
      >
        <div
          className="property__mark"
        >
          <span>
            Premium
          </span>
        </div>
        <div
          className="property__name-wrapper"
        >
          <h1
            className="property__name"
          >
            Penthouse, 4-5 rooms + 5 balconies
          </h1>
          <button
            className="property__bookmark-button button"
            type="button"
          >
            <svg
              height="33"
              width="31"
            />
            <span
              className="visually-hidden"
            >
              To bookmarks
            </span>
          </button>
        </div>
        <div
          className="property__rating rating"
        >
          <div
            className="property__stars rating__stars"
          >
            <span
              style={
                Object {
                  "width": "72%",
                }
              }
            />
            <span
              className="visually-hidden"
            >
              Rating
            </span>
          </div>
          <span
            className="property__rating-value rating__value"
          >
            3.6
          </span>
        </div>
        <ul
          className="property__features"
        >
          <li
            className="property__feature property__feature--entire"
          >
            Hotel
          </li>
          <li
            className="property__feature property__feature--bedrooms"
          >
            2
             
            Bedroom
          </li>
          <li
            className="property__feature property__feature--adults"
          >
            8
          </li>
        </ul>
        <div
          className="property__price"
        >
          <b
            className="property__price-value"
          >
            €
            397
          </b>
          <span
            className="property__price-text"
          >
             night
          </span>
        </div>
        <div
          className="property__inside"
        >
          <h2
            className="property__inside-title"
          >
            What's inside
          </h2>
          <ul
            className="property__inside-list"
          >
            <li
              className="property__inside-item"
            >
              Air conditioning
            </li>
            <li
              className="property__inside-item"
            >
              Laptop friendly workspace
            </li>
            <li
              className="property__inside-item"
            >
              Baby seat
            </li>
            <li
              className="property__inside-item"
            >
              Fridge
            </li>
            <li
              className="property__inside-item"
            >
              Breakfast
            </li>
            <li
              className="property__inside-item"
            >
              Washer
            </li>
            <li
              className="property__inside-item"
            >
              Washing machine
            </li>
            <li
              className="property__inside-item"
            >
              Dishwasher
            </li>
            <li
              className="property__inside-item"
            >
              Coffee machine
            </li>
            <li
              className="property__inside-item"
            >
              Towels
            </li>
          </ul>
        </div>
        <div
          className="property__host"
        >
          <h2
            className="property__host-title"
          >
            Meet the host
          </h2>
          <div
            className="property__host-user user"
          >
            <div
              className="property__avatar-wrapper user__avatar-wrapper property__avatar-wrapper--pro"
            >
              <img
                alt="Host avatar"
                className="property__avatar user__avatar"
                height="74"
                src="img/avatar-angelina.jpg"
                width="74"
              />
            </div>
            <span
              className="property__user-name"
            >
              Angelina
            </span>
          </div>
          <div
            className="property__description"
          >
            <p
              className="property__text"
            >
              Discover daily local life in city center, friendly neighborhood, clandestine casino, karaoke, old-style artisans, art gallery and artist studio downstairs.
            </p>
          </div>
        </div>
      </div>
    </div>
    <section
      className="map property__map"
    >
      <div
        id="map"
        style={
          Object {
            "height": "100%",
          }
        }
      />
    </section>
  </section>
</main>
`;
